--------- beginning of system
--------- beginning of main
--------- beginning of crash
08-16 22:55:04.695  4899  4899 E AndroidRuntime: FATAL EXCEPTION: main
08-16 22:55:04.695  4899  4899 E AndroidRuntime: Process: com.amaze.filemanager.debug, PID: 4899
08-16 22:55:04.695  4899  4899 E AndroidRuntime: java.lang.ClassCastException: android.widget.HeaderViewListAdapter cannot be cast to androidx.appcompat.view.menu.MenuAdapter
08-16 22:55:04.695  4899  4899 E AndroidRuntime: 	at androidx.appcompat.widget.MenuPopupWindow$MenuDropDownListView.onKeyDown(MenuPopupWindow.java:181)
08-16 22:55:04.695  4899  4899 E AndroidRuntime: 	at android.view.KeyEvent.dispatch(KeyEvent.java:2722)
08-16 22:55:04.695  4899  4899 E AndroidRuntime: 	at android.view.View.dispatchKeyEvent(View.java:9960)
08-16 22:55:04.695  4899  4899 E AndroidRuntime: 	at android.view.ViewGroup.dispatchKeyEvent(ViewGroup.java:1625)
08-16 22:55:04.695  4899  4899 E AndroidRuntime: 	at android.widget.ListView.dispatchKeyEvent(ListView.java:2249)
08-16 22:55:04.695  4899  4899 E AndroidRuntime: 	at android.view.ViewGroup.dispatchKeyEvent(ViewGroup.java:1630)
08-16 22:55:04.695  4899  4899 E AndroidRuntime: 	at android.view.ViewGroup.dispatchKeyEvent(ViewGroup.java:1630)
08-16 22:55:04.695  4899  4899 E AndroidRuntime: 	at android.widget.PopupWindow$PopupDecorView.dispatchKeyEvent(PopupWindow.java:2266)
08-16 22:55:04.695  4899  4899 E AndroidRuntime: 	at android.view.ViewRootImpl$ViewPostImeInputStage.processKeyEvent(ViewRootImpl.java:4331)
08-16 22:55:04.695  4899  4899 E AndroidRuntime: 	at android.view.ViewRootImpl$ViewPostImeInputStage.onProcess(ViewRootImpl.java:4302)
08-16 22:55:04.695  4899  4899 E AndroidRuntime: 	at android.view.ViewRootImpl$InputStage.deliver(ViewRootImpl.java:3853)
08-16 22:55:04.695  4899  4899 E AndroidRuntime: 	at android.view.ViewRootImpl$InputStage.onDeliverToNext(ViewRootImpl.java:3906)
08-16 22:55:04.695  4899  4899 E AndroidRuntime: 	at android.view.ViewRootImpl$InputStage.forward(ViewRootImpl.java:3872)
08-16 22:55:04.695  4899  4899 E AndroidRuntime: 	at android.view.ViewRootImpl$AsyncInputStage.forward(ViewRootImpl.java:3999)
08-16 22:55:04.695  4899  4899 E AndroidRuntime: 	at android.view.ViewRootImpl$InputStage.apply(ViewRootImpl.java:3880)
08-16 22:55:04.695  4899  4899 E AndroidRuntime: 	at android.view.ViewRootImpl$AsyncInputStage.apply(ViewRootImpl.java:4056)
08-16 22:55:04.695  4899  4899 E AndroidRuntime: 	at android.view.ViewRootImpl$InputStage.deliver(ViewRootImpl.java:3853)
08-16 22:55:04.695  4899  4899 E AndroidRuntime: 	at android.view.ViewRootImpl$InputStage.onDeliverToNext(ViewRootImpl.java:3906)
08-16 22:55:04.695  4899  4899 E AndroidRuntime: 	at android.view.ViewRootImpl$InputStage.forward(ViewRootImpl.java:3872)
08-16 22:55:04.695  4899  4899 E AndroidRuntime: 	at android.view.ViewRootImpl$InputStage.apply(ViewRootImpl.java:3880)
08-16 22:55:04.695  4899  4899 E AndroidRuntime: 	at android.view.ViewRootImpl$InputStage.deliver(ViewRootImpl.java:3853)
08-16 22:55:04.695  4899  4899 E AndroidRuntime: 	at android.view.ViewRootImpl$InputStage.onDeliverToNext(ViewRootImpl.java:3906)
08-16 22:55:04.695  4899  4899 E AndroidRuntime: 	at android.view.ViewRootImpl$InputStage.forward(ViewRootImpl.java:3872)
08-16 22:55:04.695  4899  4899 E AndroidRuntime: 	at android.view.ViewRootImpl$AsyncInputStage.forward(ViewRootImpl.java:3999)
08-16 22:55:04.695  4899  4899 E AndroidRuntime: 	at android.view.ViewRootImpl$InputStage.apply(ViewRootImpl.java:3880)
08-16 22:55:04.695  4899  4899 E AndroidRuntime: 	at android.view.ViewRootImpl$AsyncInputStage.apply(ViewRootImpl.java:4056)
08-16 22:55:04.695  4899  4899 E AndroidRuntime: 	at android.view.ViewRootImpl$InputStage.deliver(ViewRootImpl.java:3853)
08-16 22:55:04.695  4899  4899 E AndroidRuntime: 	at android.view.ViewRootImpl$InputStage.onDeliverToNext(ViewRootImpl.java:3906)
08-16 22:55:04.695  4899  4899 E AndroidRuntime: 	at android.view.ViewRootImpl$InputStage.forward(ViewRootImpl.java:3872)
08-16 22:55:04.695  4899  4899 E AndroidRuntime: 	at android.view.ViewRootImpl$InputStage.apply(ViewRootImpl.java:3880)
08-16 22:55:04.695  4899  4899 E AndroidRuntime: 	at android.view.ViewRootImpl$InputStage.deliver(ViewRootImpl.java:3853)
08-16 22:55:04.695  4899  4899 E AndroidRuntime: 	at android.view.ViewRootImpl$InputStage.onDeliverToNext(ViewRootImpl.java:3906)
08-16 22:55:04.695  4899  4899 E AndroidRuntime: 	at android.view.ViewRootImpl$InputStage.forward(ViewRootImpl.java:3872)
08-16 22:55:04.695  4899  4899 E AndroidRuntime: 	at android.view.ViewRootImpl$AsyncInputStage.forward(ViewRootImpl.java:3999)
08-16 22:55:04.695  4899  4899 E AndroidRuntime: 	at android.view.ViewRootImpl$InputStage.apply(ViewRootImpl.java:3880)
08-16 22:55:04.695  4899  4899 E AndroidRuntime: 	at android.view.ViewRootImpl$AsyncInputStage.apply(ViewRootImpl.java:4056)
08-16 22:55:04.695  4899  4899 E AndroidRuntime: 	at android.view.ViewRootImpl$InputStage.deliver(ViewRootImpl.java:3853)
08-16 22:55:04.695  4899  4899 E AndroidRuntime: 	at android.view.ViewRootImpl.deliverInputEvent(ViewRootImpl.java:6246)
08-16 22:55:04.695  4899  4899 E AndroidRuntime: 	at android.view.ViewRootImpl.doProcessInputEvents(ViewRootImpl.java:6220)
08-16 22:55:04.695  4899  4899 E AndroidRuntime: 	at android.view.ViewRootImpl.enqueueInputEvent(ViewRootImpl.java:6181)
08-16 22:55:04.695  4899  4899 E AndroidRuntime: 	at android.view.ViewRootImpl$WindowInputEventReceiver.onInputEvent(ViewRootImpl.java:6349)
08-16 22:55:04.695  4899  4899 E AndroidRuntime: 	at android.view.InputEventReceiver.dispatchInputEvent(InputEventReceiver.java:185)
08-16 22:55:04.695  4899  4899 E AndroidRuntime: 	at android.view.InputEventReceiver.nativeConsumeBatchedInputEvents(Native Method)
08-16 22:55:04.695  4899  4899 E AndroidRuntime: 	at android.view.InputEventReceiver.consumeBatchedInputEvents(InputEventReceiver.java:176)
08-16 22:55:04.695  4899  4899 E AndroidRuntime: 	at android.view.ViewRootImpl.doConsumeBatchedInput(ViewRootImpl.java:6320)
08-16 22:55:04.695  4899  4899 E AndroidRuntime: 	at android.view.ViewRootImpl$ConsumeBatchedInputRunnable.run(ViewRootImpl.java:6372)
08-16 22:55:04.695  4899  4899 E AndroidRuntime: 	at android.view.Choreographer$CallbackRecord.run(Choreographer.java:874)
08-16 22:55:04.695  4899  4899 E AndroidRuntime: 	at android.view.Choreographer.doCallbacks(Choreographer.java:686)
08-16 22:55:04.695  4899  4899 E AndroidRuntime: 	at android.view.Choreographer.doFrame(Choreographer.java:615)
08-16 22:55:04.695  4899  4899 E AndroidRuntime: 	at android.view.Choreographer$FrameDisplayEventReceiver.run(Choreographer.java:860)
08-16 22:55:04.696  4899  4899 E AndroidRuntime: 	at android.os.Handler.handleCallback(Handler.java:751)
08-16 22:55:04.696  4899  4899 E AndroidRuntime: 	at android.os.Handler.dispatchMessage(Handler.java:95)
08-16 22:55:04.696  4899  4899 E AndroidRuntime: 	at android.os.Looper.loop(Looper.java:154)
08-16 22:55:04.696  4899  4899 E AndroidRuntime: 	at android.app.ActivityThread.main(ActivityThread.java:6119)
08-16 22:55:04.696  4899  4899 E AndroidRuntime: 	at java.lang.reflect.Method.invoke(Native Method)
08-16 22:55:04.696  4899  4899 E AndroidRuntime: 	at com.android.internal.os.ZygoteInit$MethodAndArgsCaller.run(ZygoteInit.java:886)
08-16 22:55:04.696  4899  4899 E AndroidRuntime: 	at com.android.internal.os.ZygoteInit.main(ZygoteInit.java:776)
08-16 23:01:46.558  5613  5613 E AndroidRuntime: FATAL EXCEPTION: main
08-16 23:01:46.558  5613  5613 E AndroidRuntime: Process: com.amaze.filemanager.debug, PID: 5613
08-16 23:01:46.558  5613  5613 E AndroidRuntime: java.lang.ClassCastException: android.widget.HeaderViewListAdapter cannot be cast to androidx.appcompat.view.menu.MenuAdapter
08-16 23:01:46.558  5613  5613 E AndroidRuntime: 	at androidx.appcompat.widget.MenuPopupWindow$MenuDropDownListView.onKeyDown(MenuPopupWindow.java:181)
08-16 23:01:46.558  5613  5613 E AndroidRuntime: 	at android.view.KeyEvent.dispatch(KeyEvent.java:2688)
08-16 23:01:46.558  5613  5613 E AndroidRuntime: 	at android.view.View.dispatchKeyEvent(View.java:9960)
08-16 23:01:46.558  5613  5613 E AndroidRuntime: 	at android.view.ViewGroup.dispatchKeyEvent(ViewGroup.java:1625)
08-16 23:01:46.558  5613  5613 E AndroidRuntime: 	at android.widget.ListView.dispatchKeyEvent(ListView.java:2249)
08-16 23:01:46.558  5613  5613 E AndroidRuntime: 	at android.view.ViewGroup.dispatchKeyEvent(ViewGroup.java:1630)
08-16 23:01:46.558  5613  5613 E AndroidRuntime: 	at android.view.ViewGroup.dispatchKeyEvent(ViewGroup.java:1630)
08-16 23:01:46.558  5613  5613 E AndroidRuntime: 	at android.widget.PopupWindow$PopupDecorView.dispatchKeyEvent(PopupWindow.java:2266)
08-16 23:01:46.558  5613  5613 E AndroidRuntime: 	at android.view.ViewRootImpl$ViewPostImeInputStage.processKeyEvent(ViewRootImpl.java:4331)
08-16 23:01:46.558  5613  5613 E AndroidRuntime: 	at android.view.ViewRootImpl$ViewPostImeInputStage.onProcess(ViewRootImpl.java:4302)
08-16 23:01:46.558  5613  5613 E AndroidRuntime: 	at android.view.ViewRootImpl$InputStage.deliver(ViewRootImpl.java:3853)
08-16 23:01:46.558  5613  5613 E AndroidRuntime: 	at android.view.ViewRootImpl$InputStage.onDeliverToNext(ViewRootImpl.java:3906)
08-16 23:01:46.558  5613  5613 E AndroidRuntime: 	at android.view.ViewRootImpl$InputStage.forward(ViewRootImpl.java:3872)
08-16 23:01:46.558  5613  5613 E AndroidRuntime: 	at android.view.ViewRootImpl$AsyncInputStage.forward(ViewRootImpl.java:3999)
08-16 23:01:46.558  5613  5613 E AndroidRuntime: 	at android.view.ViewRootImpl$InputStage.apply(ViewRootImpl.java:3880)
08-16 23:01:46.558  5613  5613 E AndroidRuntime: 	at android.view.ViewRootImpl$AsyncInputStage.apply(ViewRootImpl.java:4056)
08-16 23:01:46.558  5613  5613 E AndroidRuntime: 	at android.view.ViewRootImpl$InputStage.deliver(ViewRootImpl.java:3853)
08-16 23:01:46.558  5613  5613 E AndroidRuntime: 	at android.view.ViewRootImpl$InputStage.onDeliverToNext(ViewRootImpl.java:3906)
08-16 23:01:46.558  5613  5613 E AndroidRuntime: 	at android.view.ViewRootImpl$InputStage.forward(ViewRootImpl.java:3872)
08-16 23:01:46.558  5613  5613 E AndroidRuntime: 	at android.view.ViewRootImpl$InputStage.apply(ViewRootImpl.java:3880)
08-16 23:01:46.558  5613  5613 E AndroidRuntime: 	at android.view.ViewRootImpl$InputStage.deliver(ViewRootImpl.java:3853)
08-16 23:01:46.558  5613  5613 E AndroidRuntime: 	at android.view.ViewRootImpl$InputStage.onDeliverToNext(ViewRootImpl.java:3906)
08-16 23:01:46.558  5613  5613 E AndroidRuntime: 	at android.view.ViewRootImpl$InputStage.forward(ViewRootImpl.java:3872)
08-16 23:01:46.558  5613  5613 E AndroidRuntime: 	at android.view.ViewRootImpl$AsyncInputStage.forward(ViewRootImpl.java:3999)
08-16 23:01:46.558  5613  5613 E AndroidRuntime: 	at android.view.ViewRootImpl$InputStage.apply(ViewRootImpl.java:3880)
08-16 23:01:46.558  5613  5613 E AndroidRuntime: 	at android.view.ViewRootImpl$AsyncInputStage.apply(ViewRootImpl.java:4056)
08-16 23:01:46.558  5613  5613 E AndroidRuntime: 	at android.view.ViewRootImpl$InputStage.deliver(ViewRootImpl.java:3853)
08-16 23:01:46.558  5613  5613 E AndroidRuntime: 	at android.view.ViewRootImpl$InputStage.onDeliverToNext(ViewRootImpl.java:3906)
08-16 23:01:46.558  5613  5613 E AndroidRuntime: 	at android.view.ViewRootImpl$InputStage.forward(ViewRootImpl.java:3872)
08-16 23:01:46.558  5613  5613 E AndroidRuntime: 	at android.view.ViewRootImpl$InputStage.apply(ViewRootImpl.java:3880)
08-16 23:01:46.558  5613  5613 E AndroidRuntime: 	at android.view.ViewRootImpl$InputStage.deliver(ViewRootImpl.java:3853)
08-16 23:01:46.558  5613  5613 E AndroidRuntime: 	at android.view.ViewRootImpl$InputStage.onDeliverToNext(ViewRootImpl.java:3906)
08-16 23:01:46.558  5613  5613 E AndroidRuntime: 	at android.view.ViewRootImpl$InputStage.forward(ViewRootImpl.java:3872)
08-16 23:01:46.558  5613  5613 E AndroidRuntime: 	at android.view.ViewRootImpl$AsyncInputStage.forward(ViewRootImpl.java:3999)
08-16 23:01:46.558  5613  5613 E AndroidRuntime: 	at android.view.ViewRootImpl$InputStage.apply(ViewRootImpl.java:3880)
08-16 23:01:46.558  5613  5613 E AndroidRuntime: 	at android.view.ViewRootImpl$AsyncInputStage.apply(ViewRootImpl.java:4056)
08-16 23:01:46.558  5613  5613 E AndroidRuntime: 	at android.view.ViewRootImpl$InputStage.deliver(ViewRootImpl.java:3853)
08-16 23:01:46.558  5613  5613 E AndroidRuntime: 	at android.view.ViewRootImpl.deliverInputEvent(ViewRootImpl.java:6246)
08-16 23:01:46.558  5613  5613 E AndroidRuntime: 	at android.view.ViewRootImpl.doProcessInputEvents(ViewRootImpl.java:6220)
08-16 23:01:46.558  5613  5613 E AndroidRuntime: 	at android.view.ViewRootImpl.enqueueInputEvent(ViewRootImpl.java:6181)
08-16 23:01:46.558  5613  5613 E AndroidRuntime: 	at android.view.ViewRootImpl$WindowInputEventReceiver.onInputEvent(ViewRootImpl.java:6349)
08-16 23:01:46.558  5613  5613 E AndroidRuntime: 	at android.view.InputEventReceiver.dispatchInputEvent(InputEventReceiver.java:185)
08-16 23:01:46.558  5613  5613 E AndroidRuntime: 	at android.os.MessageQueue.nativePollOnce(Native Method)
08-16 23:01:46.558  5613  5613 E AndroidRuntime: 	at android.os.MessageQueue.next(MessageQueue.java:323)
08-16 23:01:46.558  5613  5613 E AndroidRuntime: 	at android.os.Looper.loop(Looper.java:136)
08-16 23:01:46.558  5613  5613 E AndroidRuntime: 	at android.app.ActivityThread.main(ActivityThread.java:6119)
08-16 23:01:46.558  5613  5613 E AndroidRuntime: 	at java.lang.reflect.Method.invoke(Native Method)
08-16 23:01:46.558  5613  5613 E AndroidRuntime: 	at com.android.internal.os.ZygoteInit$MethodAndArgsCaller.run(ZygoteInit.java:886)
08-16 23:01:46.558  5613  5613 E AndroidRuntime: 	at com.android.internal.os.ZygoteInit.main(ZygoteInit.java:776)
[2026-08-16-23:03:17]
